[INFO] Scanning for projects...
[INFO] 
[INFO] ------------------------< com.mohcine:backend >-------------------------
[INFO] Building backend 0.0.1-SNAPSHOT
[INFO]   from pom.xml
[INFO] --------------------------------[ jar ]---------------------------------
[INFO] 
[INFO] >>> spring-boot:4.1.0:run (default-cli) > test-compile @ backend >>>
[INFO] 
[INFO] --- resources:3.5.0:resources (default-resources) @ backend ---
[INFO] Copying 1 resource from src\main\resources to target\classes
[INFO] Copying 0 resource from src\main\resources to target\classes
[INFO] 
[INFO] --- compiler:3.15.0:compile (default-compile) @ backend ---
[INFO] Nothing to compile - all classes are up to date.
[INFO] 
[INFO] --- resources:3.5.0:testResources (default-testResources) @ backend ---
[INFO] skip non existing resourceDirectory C:\Projects\BanqueApp-SpringBoot\backend\src\test\resources
[INFO] 
[INFO] --- compiler:3.15.0:testCompile (default-testCompile) @ backend ---
[INFO] Nothing to compile - all classes are up to date.
[INFO] 
[INFO] <<< spring-boot:4.1.0:run (default-cli) < test-compile @ backend <<<
[INFO] 
[INFO] 
[INFO] --- spring-boot:4.1.0:run (default-cli) @ backend ---
[INFO] Attaching agents: []

  .   ____          _            __ _ _
 /\\ / ___'_ __ _ _(_)_ __  __ _ \ \ \ \
( ( )\___ | '_ | '_| | '_ \/ _` | \ \ \ \
 \\/  ___)| |_)| | | | | || (_| |  ) ) ) )
  '  |____| .__|_| |_|_| |_\__, | / / / /
 =========|_|==============|___/=/_/_/_/

 :: Spring Boot ::                (v4.1.0)

2026-09-06T16:30:19.574+01:00  INFO 31888 --- [backend] [           main] c.mohcine.banqueApp.BackendApplication   : Starting BackendApplication using Java 21.0.11 with PID 31888 (C:\Projects\BanqueApp-SpringBoot\backend\target\classes started by USER in C:\Projects\BanqueApp-SpringBoot\backend)
2026-09-06T16:30:19.582+01:00  INFO 31888 --- [backend] [           main] c.mohcine.banqueApp.BackendApplication   : No active profile set, falling back to 1 default profile: "default"
2026-09-06T16:30:21.487+01:00  INFO 31888 --- [backend] [           main] .s.d.r.c.RepositoryConfigurationDelegate : Bootstrapping Spring Data JPA repositories in DEFAULT mode.
2026-09-06T16:30:21.653+01:00  INFO 31888 --- [backend] [           main] .s.d.r.c.RepositoryConfigurationDelegate : Finished Spring Data repository scanning in 145 ms. Found 8 JPA repository interfaces.
2026-09-06T16:30:22.900+01:00  INFO 31888 --- [backend] [           main] o.s.boot.tomcat.TomcatWebServer          : Tomcat initialized with port 8080 (http)
2026-09-06T16:30:22.948+01:00  INFO 31888 --- [backend] [           main] o.apache.catalina.core.StandardService   : Starting service [Tomcat]
2026-09-06T16:30:22.951+01:00  INFO 31888 --- [backend] [           main] o.apache.catalina.core.StandardEngine    : Starting Servlet engine: [Apache Tomcat/11.0.22]
2026-09-06T16:30:23.104+01:00  INFO 31888 --- [backend] [           main] b.w.c.s.WebApplicationContextInitializer : Root WebApplicationContext: initialization completed in 3403 ms
2026-09-06T16:30:23.549+01:00  INFO 31888 --- [backend] [           main] org.hibernate.orm.jpa                    : HHH008540: Processing PersistenceUnitInfo [name: default]
2026-09-06T16:30:23.669+01:00  INFO 31888 --- [backend] [           main] org.hibernate.orm.core                   : HHH000001: Hibernate ORM core version 7.4.1.Final
2026-09-06T16:30:24.836+01:00  INFO 31888 --- [backend] [           main] o.s.o.j.p.SpringPersistenceUnitInfo      : No LoadTimeWeaver setup: ignoring JPA class transformer
2026-09-06T16:30:24.943+01:00  INFO 31888 --- [backend] [           main] com.zaxxer.hikari.HikariDataSource       : HikariPool-1 - Starting...
2026-09-06T16:30:25.377+01:00  INFO 31888 --- [backend] [           main] com.zaxxer.hikari.pool.HikariPool        : HikariPool-1 - Added connection com.mysql.cj.jdbc.ConnectionImpl@66abb2fa
2026-09-06T16:30:25.381+01:00  INFO 31888 --- [backend] [           main] com.zaxxer.hikari.HikariDataSource       : HikariPool-1 - Start completed.
2026-09-06T16:30:25.546+01:00  WARN 31888 --- [backend] [           main] org.hibernate.orm.core                   : HHH000511: The 5.5.5 version for [org.hibernate.dialect.MySQLDialect] is no longer supported, hence certain features may not work properly.The minimum supported version is 8.0.0. Check the community dialects project for available legacy versions.
2026-09-06T16:30:25.595+01:00  INFO 31888 --- [backend] [           main] org.hibernate.orm.connections.pooling    : HHH10001005: Database info:
	Database JDBC URL [jdbc:mysql://localhost:3306/banqueApp]
	Database driver: MySQL Connector/J
	Database dialect: MySQLDialect
	Database version: 5.5.5
	Default catalog/schema: banqueApp/undefined
	Autocommit mode: undefined/unknown
	Isolation level: REPEATABLE_READ [default REPEATABLE_READ]
	JDBC fetch size: none
	Pool: DataSourceConnectionProvider
	Minimum pool size: undefined/unknown
	Maximum pool size: undefined/unknown
2026-09-06T16:30:28.587+01:00  INFO 31888 --- [backend] [           main] org.hibernate.orm.core                   : HHH000489: No JTA platform available (set 'hibernate.transaction.jta.platform' to enable JTA platform integration)
Hibernate: 
    alter table loan 
       modify column loan_type enum ('AUTO','CONSO')
Hibernate: 
    alter table loan 
       modify column status enum ('ACTIVE','COMPLETED','REJECTED')
2026-09-06T16:30:29.091+01:00  INFO 31888 --- [backend] [           main] j.LocalContainerEntityManagerFactoryBean : Initialized JPA EntityManagerFactory for persistence unit 'default'
2026-09-06T16:30:29.289+01:00  INFO 31888 --- [backend] [           main] o.s.d.j.r.query.QueryEnhancerFactories   : Hibernate is in classpath; If applicable, HQL parser will be used.
2026-09-06T16:30:30.885+01:00  WARN 31888 --- [backend] [           main] JpaBaseConfiguration$JpaWebConfiguration : spring.jpa.open-in-view is enabled by default. Therefore, database queries may be performed during view rendering. Explicitly configure spring.jpa.open-in-view to disable this warning
2026-09-06T16:30:31.056+01:00  INFO 31888 --- [backend] [           main] eAuthenticationProviderManagerConfigurer : Global AuthenticationManager configured with AuthenticationProvider bean with name authenticationProvider
2026-09-06T16:30:31.059+01:00  WARN 31888 --- [backend] [           main] r$InitializeUserDetailsManagerConfigurer : Global AuthenticationManager configured with an AuthenticationProvider bean. UserDetailsService beans will not be used by Spring Security for automatically configuring username/password login. Consider removing the AuthenticationProvider bean. Alternatively, consider using the UserDetailsService in a manually instantiated DaoAuthenticationProvider. If the current configuration is intentional, to turn off this warning, increase the logging level of 'org.springframework.security.config.annotation.authentication.configuration.InitializeUserDetailsBeanManagerConfigurer' to ERROR
2026-09-06T16:30:32.196+01:00  INFO 31888 --- [backend] [           main] o.s.boot.tomcat.TomcatWebServer          : Tomcat started on port 8080 (http) with context path '/'
2026-09-06T16:30:32.210+01:00  INFO 31888 --- [backend] [           main] c.mohcine.banqueApp.BackendApplication   : Started BackendApplication in 13.576 seconds (process running for 14.447)
Hibernate: 
    select
        r1_0.id,
        r1_0.authority 
    from
        role r1_0 
    where
        r1_0.authority=?
Hibernate: 
    select
        r1_0.id,
        r1_0.authority 
    from
        role r1_0 
    where
        r1_0.authority=?
Hibernate: 
    select
        r1_0.id,
        r1_0.authority 
    from
        role r1_0 
    where
        r1_0.authority=?
Hibernate: 
    select
        u1_0.id,
        u1_0.account_non_expired,
        u1_0.account_non_locked,
        u1_0.client_id,
        u1_0.credentials_non_expired,
        u1_0.email,
        u1_0.enabled,
        u1_0.password 
    from
        users u1_0 
    where
        u1_0.email=?
Hibernate: 
    select
        a1_0.user_id,
        a1_1.id,
        a1_1.authority 
    from
        user_roles a1_0 
    join
        role a1_1 
            on a1_1.id=a1_0.role_id 
    where
        a1_0.user_id=?
Hibernate: 
    select
        u1_0.id,
        u1_0.account_non_expired,
        u1_0.account_non_locked,
        u1_0.client_id,
        u1_0.credentials_non_expired,
        u1_0.email,
        u1_0.enabled,
        u1_0.password 
    from
        users u1_0 
    where
        u1_0.email=?
Hibernate: 
    select
        a1_0.user_id,
        a1_1.id,
        a1_1.authority 
    from
        user_roles a1_0 
    join
        role a1_1 
            on a1_1.id=a1_0.role_id 
    where
        a1_0.user_id=?
Hibernate: 
    select
        c1_0.id,
        c1_0.revenue,
        c1_0.ville,
        c1_0.client_reference,
        c1_0.status,
        c1_0.email,
        c1_0.nom,
        c1_0.prenom,
        c1_0.cd_postal,
        c1_0.profile_photo_url 
    from
        client c1_0 
    where
        c1_0.client_reference=?
Hibernate: 
    select
        u1_0.id,
        u1_0.account_non_expired,
        u1_0.account_non_locked,
        u1_0.client_id,
        u1_0.credentials_non_expired,
        u1_0.email,
        u1_0.enabled,
        u1_0.password 
    from
        users u1_0 
    where
        u1_0.email=?
Hibernate: 
    select
        c1_0.id,
        c1_0.revenue,
        c1_0.ville,
        c1_0.client_reference,
        c1_0.status,
        c1_0.email,
        c1_0.nom,
        c1_0.prenom,
        c1_0.cd_postal,
        c1_0.profile_photo_url 
    from
        client c1_0 
    where
        c1_0.id=?
Hibernate: 
    select
        a1_0.user_id,
        a1_1.id,
        a1_1.authority 
    from
        user_roles a1_0 
    join
        role a1_1 
            on a1_1.id=a1_0.role_id 
    where
        a1_0.user_id=?
2026-09-06T16:30:33.239+01:00  WARN 31888 --- [backend] [           main] o.s.core.events.SpringDocAppInitializer  : SpringDoc /v3/api-docs endpoint is enabled by default. To disable it in production, set the property 'springdoc.api-docs.enabled=false'
2026-09-06T16:30:33.240+01:00  WARN 31888 --- [backend] [           main] o.s.core.events.SpringDocAppInitializer  : SpringDoc /swagger-ui.html endpoint is enabled by default. To disable it in production, set the property 'springdoc.swagger-ui.enabled=false'
